parse route params "id": strconv.ParseInt: parsing "invalid": invalid syntax
