<!DOCTYPE html>
<html lang="en">
  <head>
    <meta charset="UTF-8" />
    <meta name="viewport" content="width=device-width, initial-scale=1.0" />
    <link rel="stylesheet" href="/static/css/main.css" />
    <title>Document</title>
  </head>
  <body>
    <h1>Todo Details</h1>
    <ul>
      <li>ID: 1</li>
      <li>Title: title 1</li>
      <li>Status: UNKNOWN</li>
    </ul>
  </body>
</html>
